Γû▓ Next.js 16.1.6 (Turbopack)

  Creating an optimized production build ...
Γ£ô Compiled successfully in 1502.8ms
  Running TypeScript ...
node.exe : Failed 
to compile.
At C:\nvm4w\nodejs\n
px.ps1:29 char:3
+   & $NODE_EXE 
$NPX_CLI_JS $args
+   ~~~~~~~~~~~~~~~~
~~~~~~~~~~~~~
    + CategoryInfo  
            : NotS  
  pecified: (Fail   
 ed to compile.:    
String) [], Rem    
oteException
    + FullyQualifie 
   dErrorId : Nati  
  veCommandError
 

./src/components/sec
tions/ProjectGallery
.tsx:90:15
Type error: Type '{ 
hidden: { opacity: 
number; y: number; 
}; visible: { 
opacity: number; y: 
number; transition: 
{ duration: number; 
ease: string; }; }; 
}' is not 
assignable to type 
'Variants'.
  Property 
'visible' is 
incompatible with 
index signature.
    Type '{ 
opacity: number; y: 
number; transition: 
{ duration: number; 
ease: string; }; }' 
is not assignable 
to type 'Variant'.
      Type '{ 
opacity: number; y: 
number; transition: 
{ duration: number; 
ease: string; }; }' 
is not assignable 
to type 'TargetAndTr
ansition'.
        Type '{ 
opacity: number; y: 
number; transition: 
{ duration: number; 
ease: string; }; }' 
is not assignable 
to type '{ 
transition?: 
Transition<any> | 
undefined; 
transitionEnd?: 
ResolvedValues$1 | 
undefined; }'.
          Types of 
property 
'transition' are 
incompatible.
            Type '{ 
duration: number; 
ease: string; }' is 
not assignable to 
type 
'Transition<any> | 
undefined'.
              Type 
'{ duration: 
number; ease: 
string; }' is not 
assignable to type '
TransitionWithValueO
verrides<any>'.
                
Type '{ duration: 
number; ease: 
string; }' is not 
assignable to type '
ValueAnimationTransi
tion<any>'.
                  
Types of property 
'ease' are 
incompatible.
                    
Type 'string' is 
not assignable to 
type 'Easing | 
Easing[] | 
undefined'.

[0m [90m 88 
|[39m             
[33m<[39m[33mmotio
n[39m[33m.[39mart
icle
 [90m 89 |[39m    
           key[33m=
[39m{project[33m.
[39mid}
[31m[1m>[22m[39m
[90m 90 |[39m     
          variants[
33m=[39m{item}
 [90m    |[39m    
           
[31m[1m^[22m[39m
 [90m 91 |[39m    
           className
[33m=[39m[32m"gla
ss-card-hover 
rounded-xl p-6 
group relative"[39m
 [90m 92 |[39m    
         [33m>[39m
 [90m 93 |[39m    
           {[90m/* 
Header row 
*/[39m}[0m
Next.js build 
worker exited with 
code: 1 and signal: 
null
